---
source: shapely/tests/derive.rs
expression: "Blah::shape()"
snapshot_kind: text
---
[1;33mBlah[0m (size: [1;34m32[0m, align: [1;35m8[0m)
  [1;32mfoo[0m: 
    [1;33mu32[0m (size: [1;34m4[0m, align: [1;35m4[0m)
    [1;36mScalar:[0m [1;33mU32[0m
  [1;32mbar[0m: 
    [1;33mString[0m (size: [1;34m24[0m, align: [1;35m8[0m)
    [1;36mScalar:[0m [1;33mString[0m
