---
source: facet-derive-emit/tests/codegen.rs
expression: "expand(r#\"\n        #[derive(Facet)]\n        struct UnitStruct;\n        \"#)"
---
#[used]
static UNIT_STRUCT_SHAPE: &'static ::facet::Shape = <UnitStruct as ::facet::Facet>::SHAPE;
#[automatically_derived]
unsafe impl ::facet::Facet for UnitStruct {
    const SHAPE: &'static ::facet::Shape = &const {
        let fields: &'static [::facet::Field] = &const { [] };
        let vtable = &const {
            let mut vtable =
                ::facet::value_vtable_inner!(Self, |f, _opts| ::core::fmt::Write::write_str(
                    f,
                    "UnitStruct"
                ));
            vtable
        };
        ::facet::Shape::builder()
            .id(::facet::ConstTypeId::of::<Self>())
            .layout(::core::alloc::Layout::new::<Self>())
            .vtable(vtable)
            .def(::facet::Def::Struct(
                ::facet::Struct::builder()
                    .kind(::facet::StructKind::Unit)
                    .fields(fields)
                    .build(),
            ))
            .build()
    };
}
