---
source: facet-derive-emit/tests/codegen.rs
expression: "expand(r#\"\n        #[derive(Facet)]\n        #[facet(transparent)]\n        struct Wrapper(u32);\n        \"#)"
---
#[used]
static WRAPPER_SHAPE: &'static ::facet::Shape = <Wrapper as ::facet::Facet>::SHAPE;
#[automatically_derived]
unsafe impl ::facet::Facet for Wrapper {
    const SHAPE: &'static ::facet::Shape = &const {
        let fields: &'static [::facet::Field] = &const {
            [::facet::Field::builder()
                .name("0")
                .shape(|| ::facet::shape_of(&|s: &Wrapper| &s.0))
                .offset(::core::mem::offset_of!(Wrapper, 0))
                .flags(::facet::FieldFlags::EMPTY)
                .attributes(&[])
                .build()]
        };
        let vtable = &const {
            let mut vtable =
                ::facet::value_vtable_inner!(Self, |f, _opts| ::core::fmt::Write::write_str(
                    f, "Wrapper"
                ));
            vtable
        };
        ::facet::Shape::builder()
            .id(::facet::ConstTypeId::of::<Self>())
            .layout(::core::alloc::Layout::new::<Self>())
            .vtable(vtable)
            .def(::facet::Def::Struct(
                ::facet::Struct::builder()
                    .kind(::facet::StructKind::TupleStruct)
                    .fields(fields)
                    .build(),
            ))
            .attributes(&[::facet::ShapeAttribute::Transparent])
            .build()
    };
}
